Informe de ERC (2026-03-14T21:22:09-0600, codificación UTF8)

***** Hoja /
[label_dangling]: Etiqueta no conectada a nada
    ; error
    @(20.32 mm, 20.32 mm): Etiqueta jerárquica '+3V3'
[pin_not_connected]: Hierarchical label "+3V3" in root sheet cannot be connected to non-existent parent sheet
    ; error
    @(20.32 mm, 20.32 mm): Etiqueta jerárquica '+3V3'
[label_dangling]: Etiqueta no conectada a nada
    ; error
    @(20.32 mm, 30.48 mm): Etiqueta jerárquica '+5V'
[pin_not_connected]: Hierarchical label "+5V" in root sheet cannot be connected to non-existent parent sheet
    ; error
    @(20.32 mm, 30.48 mm): Etiqueta jerárquica '+5V'
[label_dangling]: Etiqueta no conectada a nada
    ; error
    @(20.32 mm, 40.64 mm): Etiqueta jerárquica 'GND'
[label_dangling]: Etiqueta no conectada a nada
    ; error
    @(20.32 mm, 50.80 mm): Etiqueta jerárquica 'DGND'
[label_dangling]: Etiqueta no conectada a nada
    ; error
    @(20.32 mm, 60.96 mm): Etiqueta jerárquica 'AGND'
[label_dangling]: Etiqueta no conectada a nada
    ; error
    @(121.92 mm, 20.32 mm): Etiqueta jerárquica 'NRST'
[pin_not_connected]: Hierarchical label "NRST" in root sheet cannot be connected to non-existent parent sheet
    ; error
    @(121.92 mm, 20.32 mm): Etiqueta jerárquica 'NRST'
[label_dangling]: Etiqueta no conectada a nada
    ; error
    @(121.92 mm, 30.48 mm): Etiqueta jerárquica 'BOOT0'
[pin_not_connected]: Hierarchical label "BOOT0" in root sheet cannot be connected to non-existent parent sheet
    ; error
    @(121.92 mm, 30.48 mm): Etiqueta jerárquica 'BOOT0'
[label_dangling]: Etiqueta no conectada a nada
    ; error
    @(121.92 mm, 40.64 mm): Etiqueta jerárquica 'BOOT1'
[label_dangling]: Etiqueta no conectada a nada
    ; error
    @(121.92 mm, 50.80 mm): Etiqueta jerárquica 'SWDIO'
[label_dangling]: Etiqueta no conectada a nada
    ; error
    @(121.92 mm, 60.96 mm): Etiqueta jerárquica 'SWCLK'
[label_dangling]: Etiqueta no conectada a nada
    ; error
    @(121.92 mm, 71.12 mm): Etiqueta jerárquica 'UART_TX'
[pin_not_connected]: Hierarchical label "UART_TX" in root sheet cannot be connected to non-existent parent sheet
    ; error
    @(121.92 mm, 71.12 mm): Etiqueta jerárquica 'UART_TX'
[label_dangling]: Etiqueta no conectada a nada
    ; error
    @(121.92 mm, 81.28 mm): Etiqueta jerárquica 'UART_RX'
[pin_not_connected]: Hierarchical label "UART_RX" in root sheet cannot be connected to non-existent parent sheet
    ; error
    @(121.92 mm, 81.28 mm): Etiqueta jerárquica 'UART_RX'
[label_dangling]: Etiqueta no conectada a nada
    ; error
    @(121.92 mm, 91.44 mm): Etiqueta jerárquica 'IMU_INT'
[pin_not_connected]: Hierarchical label "IMU_INT" in root sheet cannot be connected to non-existent parent sheet
    ; error
    @(121.92 mm, 91.44 mm): Etiqueta jerárquica 'IMU_INT'
[label_dangling]: Etiqueta no conectada a nada
    ; error
    @(121.92 mm, 101.60 mm): Etiqueta jerárquica 'IMU_SDA_SDI'
[pin_not_connected]: Hierarchical label "IMU_SDA_SDI" in root sheet cannot be connected to non-existent parent sheet
    ; error
    @(121.92 mm, 101.60 mm): Etiqueta jerárquica 'IMU_SDA_SDI'
[label_dangling]: Etiqueta no conectada a nada
    ; error
    @(121.92 mm, 111.76 mm): Etiqueta jerárquica 'IMU_SCL_SCLK'
[pin_not_connected]: Hierarchical label "IMU_SCL_SCLK" in root sheet cannot be connected to non-existent parent sheet
    ; error
    @(121.92 mm, 111.76 mm): Etiqueta jerárquica 'IMU_SCL_SCLK'
[label_dangling]: Etiqueta no conectada a nada
    ; error
    @(121.92 mm, 121.92 mm): Etiqueta jerárquica 'IMU_nCS'
[pin_not_connected]: Hierarchical label "IMU_nCS" in root sheet cannot be connected to non-existent parent sheet
    ; error
    @(121.92 mm, 121.92 mm): Etiqueta jerárquica 'IMU_nCS'
[label_dangling]: Etiqueta no conectada a nada
    ; error
    @(121.92 mm, 132.08 mm): Etiqueta jerárquica 'IMU_AD0_SDO'
[label_dangling]: Etiqueta no conectada a nada
    ; error
    @(121.92 mm, 142.24 mm): Etiqueta jerárquica 'M1'
[label_dangling]: Etiqueta no conectada a nada
    ; error
    @(121.92 mm, 152.40 mm): Etiqueta jerárquica 'M1A'
[label_dangling]: Etiqueta no conectada a nada
    ; error
    @(121.92 mm, 162.56 mm): Etiqueta jerárquica 'M1B'
[label_dangling]: Etiqueta no conectada a nada
    ; error
    @(121.92 mm, 172.72 mm): Etiqueta jerárquica 'H1A'
[label_dangling]: Etiqueta no conectada a nada
    ; error
    @(121.92 mm, 182.88 mm): Etiqueta jerárquica 'H1B'
[lib_symbol_issues]: The current configuration does not include the symbol library 'local'
    ; warning
    @(71.12 mm, 101.60 mm): Símbolo U1 [BLOCK]

**Mensajes ERC: 33. Errores32, Avisos 1
